********* Start testing of EditorUiTests *********
Config: Using QtTest library 6.11.1, Qt 6.11.1 (x86_64-little_endian-llp64 shared (dynamic) debug build; by MSVC 2022), windows 11
PASS   : EditorUiTests::initTestCase()
QINFO  : EditorUiTests::createCubeUpdatesOutlinerAndChannelBox() viewport: startup: vendor= NVIDIA Corporation renderer= NVIDIA GeForce RTX 3060/PCIe/SSE2 version= 4.6.0 NVIDIA 591.86
QINFO  : EditorUiTests::createCubeUpdatesOutlinerAndChannelBox() viewport: init ok
FAIL!  : EditorUiTests::createCubeUpdatesOutlinerAndChannelBox() Compared values are not the same
   Actual   (channelObjectNameLabel->text()): "pCube1"
   Expected (QString("-"))                  : "-"
E:\Animation Software\tests\unit\EditorUiTests.cpp(73) : failure location
QINFO  : EditorUiTests::restoreDefaultLayoutResetsFloatingDocks() viewport: startup: vendor= NVIDIA Corporation renderer= NVIDIA GeForce RTX 3060/PCIe/SSE2 version= 4.6.0 NVIDIA 591.86
QINFO  : EditorUiTests::restoreDefaultLayoutResetsFloatingDocks() viewport: init ok
PASS   : EditorUiTests::restoreDefaultLayoutResetsFloatingDocks()
QINFO  : EditorUiTests::scriptEditorExecutesPrimitiveCommand() viewport: startup: vendor= NVIDIA Corporation renderer= NVIDIA GeForce RTX 3060/PCIe/SSE2 version= 4.6.0 NVIDIA 591.86
QINFO  : EditorUiTests::scriptEditorExecutesPrimitiveCommand() viewport: init ok
FAIL!  : EditorUiTests::scriptEditorExecutesPrimitiveCommand() Compared values are not the same
   Actual   (channelObjectNameLabel->text()): "pCube1"
   Expected (QString("-"))                  : "-"
E:\Animation Software\tests\unit\EditorUiTests.cpp(143) : failure location
PASS   : EditorUiTests::scriptEditorLogsChannelBoxChanges()
PASS   : EditorUiTests::scriptEditorExecutesTimelineCommands()
PASS   : EditorUiTests::scriptEditorExecutesObjectCommands()
PASS   : EditorUiTests::scriptEditorExecutesViewToolAndFileCommands()
PASS   : EditorUiTests::scriptEditorExecutesSceneFileCommands()
PASS   : EditorUiTests::scriptCommandRegistryDispatchesFileImportCommand()
PASS   : EditorUiTests::cleanupTestCase()
Totals: 9 passed, 2 failed, 0 skipped, 0 blacklisted, 39327ms
********* Finished testing of EditorUiTests *********
